<html>
<body>
<pre>
<h1>µVision Build Log</h1>
<h2>Tool Versions:</h2>
IDE-Version: ¦ÌVision V5.25.2.0
Copyright (C) 2018 ARM Ltd and ARM Germany GmbH. All rights reserved.
License Information: ji Microsoft, Microsoft, LIC=JDASB-2B0B1-D2QL7-EH8FV-PU1XH-2Q48Q
 
Tool Versions:
Toolchain:       MDK-ARM Professional  Version: 5.25.2.0
Toolchain Path:  C:\Keil_v5\ARM\ARMCC\Bin
C Compiler:      Armcc.exe V5.06 update 6 (build 750)
Assembler:       Armasm.exe V5.06 update 6 (build 750)
Linker/Locator:  ArmLink.exe V5.06 update 6 (build 750)
Library Manager: ArmAr.exe V5.06 update 6 (build 750)
Hex Converter:   FromElf.exe V5.06 update 6 (build 750)
CPU DLL:         SARMCM3.DLL V5.25.2.0
Dialog DLL:      DCM.DLL V1.17.1.0
Target DLL:      STLink\ST-LINKIII-KEIL_SWO.dll V3.0.1.0
Dialog DLL:      TCM.DLL V1.35.1.0
 
<h2>Project:</h2>
K:\STM32Git\STM32\uCOS-Program\LED\LED\MDK-ARM\LED.uvprojx
Project File Date:  07/27/2018

<h2>Output:</h2>
*** Using Compiler 'V5.06 update 6 (build 750)', folder: 'C:\Keil_v5\ARM\ARMCC\Bin'
Build target 'LED'
Clean started - Project: 'LED'
   deleting intermediate output files for target 'LED'
assembling startup_stm32f407xx.s...
compiling main.c...
../Src/main.c(384): warning:  #177-D: variable "err"  was declared but never referenced
                OS_ERR err;
../Src/main.c(51): warning:  #550-D: variable "fac_us"  was set but never used
  static unsigned  int fac_us=0;
../Src/main.c(52): warning:  #550-D: variable "fac_ms"  was set but never used
  static unsigned  int fac_ms=0;
../Src/main.c: 3 warnings, 0 errors
compiling stm32f4xx_it.c...
compiling stm32f4xx_hal_msp.c...
compiling stm32f4xx_hal_tim.c...
compiling stm32f4xx_hal_tim_ex.c...
compiling stm32f4xx_hal_rcc.c...
compiling stm32f4xx_hal_rcc_ex.c...
compiling stm32f4xx_hal_flash.c...
compiling stm32f4xx_hal_flash_ex.c...
compiling stm32f4xx_hal_flash_ramfunc.c...
compiling stm32f4xx_hal_gpio.c...
compiling stm32f4xx_hal_dma_ex.c...
compiling stm32f4xx_hal_dma.c...
compiling stm32f4xx_hal_pwr.c...
compiling stm32f4xx_hal_pwr_ex.c...
compiling stm32f4xx_hal_cortex.c...
compiling stm32f4xx_hal.c...
compiling system_stm32f4xx.c...
compiling bsp.c...
compiling cpu_c.c...
compiling cpu_core.c...
assembling cpu_a.asm...
compiling lib_ascii.c...
compiling lib_math.c...
compiling lib_mem.c...
compiling lib_str.c...
assembling lib_mem_a.asm...
compiling os_cfg_app.c...
compiling os_core.c...
compiling os_dbg.c...
compiling os_flag.c...
compiling os_int.c...
compiling os_mem.c...
compiling os_msg.c...
compiling os_mutex.c...
compiling os_pend_multi.c...
compiling os_prio.c...
compiling os_q.c...
compiling os_sem.c...
compiling os_stat.c...
compiling os_task.c...
compiling os_tick.c...
compiling os_time.c...
compiling os_tmr.c...
compiling os_var.c...
compiling os_cpu_c.c...
assembling os_cpu_a.asm...
compiling os_app_hooks.c...
compiling Key.c...
..\BSP\Key.c(28): warning:  #1-D: last line of file ends without a newline
  }
..\BSP\Key.c: 1 warning, 0 errors
linking...
Program Size: Code=18272 RO-data=960 RW-data=248 ZI-data=11024  
"LED\LED.axf" - 0 Error(s), 4 Warning(s).

*** Performing Cross-Module-Optimization:
compiling main.c...
../Src/main.c(384): warning:  #177-D: variable "err"  was declared but never referenced
                OS_ERR err;
../Src/main.c(51): warning:  #550-D: variable "fac_us"  was set but never used
  static unsigned  int fac_us=0;
../Src/main.c(52): warning:  #550-D: variable "fac_ms"  was set but never used
  static unsigned  int fac_ms=0;
../Src/main.c: 3 warnings, 0 errors
compiling stm32f4xx_it.c...
compiling stm32f4xx_hal_msp.c...
compiling stm32f4xx_hal_tim.c...
compiling stm32f4xx_hal_tim_ex.c...
compiling stm32f4xx_hal_rcc.c...
compiling stm32f4xx_hal_rcc_ex.c...
compiling stm32f4xx_hal_flash.c...
compiling stm32f4xx_hal_flash_ex.c...
compiling stm32f4xx_hal_flash_ramfunc.c...
compiling stm32f4xx_hal_gpio.c...
compiling stm32f4xx_hal_dma_ex.c...
compiling stm32f4xx_hal_dma.c...
compiling stm32f4xx_hal_pwr.c...
compiling stm32f4xx_hal_pwr_ex.c...
compiling stm32f4xx_hal_cortex.c...
compiling stm32f4xx_hal.c...
compiling system_stm32f4xx.c...
compiling bsp.c...
compiling cpu_c.c...
compiling cpu_core.c...
compiling lib_ascii.c...
compiling lib_math.c...
compiling lib_mem.c...
compiling lib_str.c...
compiling os_core.c...
compiling os_flag.c...
compiling os_mem.c...
compiling os_msg.c...
compiling os_mutex.c...
compiling os_q.c...
compiling os_sem.c...
compiling os_task.c...
compiling os_time.c...
compiling os_tmr.c...
compiling os_cpu_c.c...
compiling os_app_hooks.c...
compiling Key.c...
..\BSP\Key.c(28): warning:  #1-D: last line of file ends without a newline
  }
..\BSP\Key.c: 1 warning, 0 errors
linking...
Program Size: Code=18272 RO-data=960 RW-data=248 ZI-data=11024  
FromELF: creating hex file...
"LED\LED.axf" - 0 Error(s), 4 Warning(s).
*** Completed Cross-Module-Optimization after 2 iteration(s).

<h2>Software Packages used:</h2>

Package Vendor: ARM
                http://www.keil.com/pack/ARM.CMSIS.5.3.0.pack
                ARM.CMSIS.5.3.0
                CMSIS (Cortex Microcontroller Software Interface Standard)
   * Component: CORE Version: 5.1.1

Package Vendor: Keil
                http://www.keil.com/pack/Keil.STM32F4xx_DFP.2.13.0.pack
                Keil.STM32F4xx_DFP.2.13.0
                STMicroelectronics STM32F4 Series Device Support, Drivers and Examples

<h2>Collection of Component include folders:</h2>
  .\RTE\_LED
  C:\Keil_v5\ARM\PACK\ARM\CMSIS\5.3.0\CMSIS\Include
  C:\Keil_v5\ARM\PACK\Keil\STM32F4xx_DFP\2.13.0\Drivers\CMSIS\Device\ST\STM32F4xx\Include

<h2>Collection of Component Files used:</h2>

   * Component: ARM::CMSIS:CORE:5.1.1
Build Time Elapsed:  00:01:15
</pre>
</body>
</html>
